4cl2ftol   @   2024-03-11T16:05:32.731

Control Parameters
mcalc = 5
νmax = 23.0
maxiter = 60
overwrite = true
Irrep = Ir
λlm0 = 0.0001
apology = true
Jmax = 16.5
S = 1.5
assign = RAM36
turducken = 3
REJECT = 10.0
TK = 25.0
RUNmode =  F
vtmax = 0
NFOLD = 3
νmin = 4.0
INTthres = 1.0e-5

Initial Parameters
 BK;          2314.3671312962265;   1.0
 BN;           769.4802420470164;   1.0
 B⨦;          48.512255192871294;   1.0
 Dab;        -126.68112589973111;   1.0
 T⁰₀(ϵ);                    -0.0;   0.0
 T²₀(ϵ);                     0.0;   0.0
 T²₁(ϵ);                     0.0;   0.0
 T²₂(ϵ);                     0.0;   0.0
 T²₀(χ);      -69.21833687588034;   1.0
 T²₁(χ);                    -0.0;   0.0
 T²₂(χ);      0.9871639007786803;   1.0
 F;            161663.7125406618;   0.0
 -2ρF;        -5957.395962170719;   1.0
 V3/2;       3.360317266162564e6;   1.0
 η;                          0.0;   0.0

 DN;        -8.097205890036752e-6;   1.0
 V3N;         -0.3798687828662461;   1.0
 V3N;                        -1.0;   1.0

Number of lines = 312

Initial RMS = 0.005252156728343281 MHz
Initial λ = 5.252142935840571e-10

-------------------------------------

he RMS has stopped decreasing. Hopefully it is low.

After   0 iterations:

Final RMS = 0.0053 MHz
Final log₁₀(λ) = -9.2797


                         Parameter                   Uncertainty
 A;             3028.964050901354;            0.1767022120662423
 B;              866.504752432759;           0.08007489277440097
 C;             672.4557316612738;           0.08007489277440097
 Dab;         -126.68112589973111;            0.9496134332968943
 ϵzz;                         0.0;                           0.0
 ϵxx;                         0.0;                           0.0
 ϵxz;                        -0.0;                           0.0
 ϵyy;                        -0.0;                           0.0
 χzz;          -69.21833687588034;           0.05051640486483865
 χxz;                         0.0;                           0.0
 χxx-χyy;      2.4180478494032083;           0.03092685095360825
 F;            5.3925209999999995;                           0.0
 ρ;          0.018425272649458393;          2.174297193498811e-5
 V3;            224.1762376932487;           0.08170551688021212
 η;                           0.0;                           0.0
 DN;        -8.097205890036752e-6;          1.522355148572828e-7
 V3N;         -0.3798687828662461;          0.013091235258855926
 V3N;                        -1.0;                           0.0


Journal Formatted Values
 A;                 3.02896(18)e3
 B;                  866.505(8)e0
 C;                  672.456(8)e0
 Dab;               -126.68(95)e0
 ϵzz;               0.0e0 (Fixed)
 ϵxx;               0.0e0 (Fixed)
 ϵxz;              -0.0e0 (Fixed)
 ϵyy;              -0.0e0 (Fixed)
 χzz;               -69.218(51)e0
 χxz;               0.0e0 (Fixed)
 χxx-χyy;             2.418(31)e0
 F;             5.39252e0 (Fixed)
 ρ;                 18.425(22)e-3
 V3;                224.176(82)e0
 η;                 0.0e0 (Fixed)
 DN;                  -8.1(15)e-6
 V3N;               -380.0(13)e-3
 V3N;               -1.e0 (Fixed)


 Again, sorry about the name...


