test   @   2023-06-09T22:00:14.758

Control Parameters
NFOLD = 0  
S = 0.5
TK = 25.0
assign = eeo
RUNmode = F
mcalc = 0
vtmax = 0
Jmax = 4.5
νmin =   0.0
νmax = 100.0

Initial Parameters
BN;                    2134.1785;   1.0
BK;                    1532.7825;   1.0
B⨦;           150.42174999999997;   1.0
Dab;                         0.0;   0.0
T⁰₀(ϵ);      -2498.7344372852035;   1.0
T²₀(ϵ);       2545.3101072862423;   1.0
T²₁(ϵ);                     -0.0;   0.0
T²₂(ϵ);                 417.7725;   1.0
T²₀(χ);                      0.0;   0.0
T²₁(χ);                     -0.0;   0.0
T²₂(χ);                      0.0;   0.0
F;                           0.0;   0.0
-2ρF;                       -0.0;   0.0
V3/2;                        0.0;   0.0
η;                           0.0;   0.0

μa;                          0.0;   0.0
μb;                          0.0;   0.0
ΔN;                          0.0;   0.0
ΔNK;                         0.0;   0.0
ΔK;                          0.0;   0.0

Number of lines = 453

Initial RMS = 2.811381183452301e-5 MHz, Initial λ = 2.811381143932981e-12

-------------------------------------

            2134.178500548159;     0.0000
BK;           1532.7824998389226;    -0.0000
B⨦;           150.42175004250436;     0.0000
Dab;                         0.0;      Fixed
T⁰₀(ϵ);       -2498.734438083115;    -0.0000
T²₀(ϵ);       2545.3101075622913;     0.0000
T²₁(ϵ);                     -0.0;      Fixed
T²₂(ϵ);       417.77249847069396;    -0.0000
T²₀(χ);                      0.0;      Fixed
T²₁(χ);                     -0.0;      Fixed
T²₂(χ);                      0.0;      Fixed
F;                           0.0;      Fixed
-2ρF;                       -0.0;      Fixed
V3/2;                        0.0;      Fixed
η;                           0.0;      Fixed
μa;                          0.0;      Fixed
μb;                          0.0;      Fixed
ΔN;                          0.0;      Fixed
ΔNK;                         0.0;      Fixed
ΔK;                          0.0;      Fixed

Max Change; T²₂(ϵ), 0.0000%

-------------------------------------

